// Jest Snapshot v1, https://goo.gl/fbAQLP

exports[`Todo Functionality matches snapshot 1`] = `
<div
  className="app"
>
  <div
    className="app__head"
  >
    <h1
      className="app__title"
    >
      Todo List
    </h1>
    <a
      className="app__link"
      href="https://www.typescriptlang.org/"
      rel="noreferer noopener"
      target="__blank"
    >
      <img
        alt=""
        className="app__head-img"
        src=""
      />
    </a>
    <a
      className="app__link"
      href="https://redux-toolkit.js.org/"
      rel="noreferer noopener"
      target="__blank"
    >
      <img
        alt=""
        className="app__head-img"
        src=""
      />
    </a>
  </div>
  <form
    className="create-todo"
  >
    <input
      className="input"
      data-testid="todo-input"
      id="new-todo-input"
      onChange={[Function]}
      placeholder="Write new task here..."
      type="text"
      value=""
    />
    <button
      className="button"
      data-testid="todo-create-btn"
      disabled={true}
      onClick={[Function]}
      type="submit"
    >
      Add
    </button>
  </form>
</div>
`;
